[QwenMetalModel] descriptors ready; building fast path...
[QwenMetalModel] fast path ready
The user wants an extremely long, detailed, comprehensive essay about the entire history of the Netherlands, from prehistoric times to the present day. They want me to cover every major period in depth with dates, names, and events. This is a substantial writing task.

Let me plan out the structure and then write a comprehensive essay. I'll organize it chronologically:

1. Prehistoric settlement (Paleolithic through Iron Age)
2. The Roman frontier (Limes)
3. The Frankish era and Merovingian/Carolingian periods
4. Medieval County of Holland and the Low Countries
5. The Burgundian and Habsburg periods (Burgundian Netherlands, Habsburg rule)
6. The Eighty Years' War and the Dutch Republic (Republic of the United Provinces)
7. The Dutch Golden Age (trade, art, science, VOC, WIC, colonization)
8. The 18th century decline (Stadtholderate, Fourth War)
9. The Batavian Republic and Napoleonic period
10. The Kingdom of the Netherlands from 1815 onward
11. Industrialization
12. The World Wars and occupation
13. Decolonization
14. Post-war reconstruction and the welfare state
15. European integration
16. Developments into the 21st century

This is a massive essay. Let me write it comprehensively with specific details, dates, names, and events. I'll aim for many thousands of words. Let me be thorough and detailed on each period.

Let me write this as a well-structured, comprehensive essay with clear section headers. I'll include specific historical details throughout.

Let me make sure I get the facts right:

**Prehistoric:**
- Neanderthals found in Netherlands (Veldhoven, Sima, 250,000 years ago; Arnhem-Lossereiland)
- Cro-Magnon / anatomically modern humans
- Swabian/Drenthe region
- Linear Pottery culture (LBK) around 5000 BCE
- Funnelbeaker culture (TRB)
- Cordedware culture
- Bell Beaker culture
- Bronze Age: Hilversch culture, Urnfield culture
- Iron Age: Hallstatt, La Tène cultures
- Germanic tribes: Frisians, Batavians, Franks, Saxons, Angles, Jutes, Friesians
- The land was above sea level, then sea level rise
- The Roman name "Low Countries"

**Roman frontier:**
- Roman contact from 1st century BCE (Julius Caesar, 57 BCE conquest of Belgae)
- The Rhine became the border (limes) around 15 CE after Varus (9 CE, Teutburg Forest)
- Forts at Nijmegen (Noviomagum), Valkenburg, Matilo, Forum Hadriani (Hadrian's Fort, near Voorburg), Lugdunum Batavorum (Leiden)
- Batavian revolt (69-70 CE) under Julius Civilis
- Frisian revolt (17-18 CE)
- The limes abandoned in 3rd century
- Roman finds: Dordrecht, Rijckevoorde

**Frankish era:**
- Frankish expansion
- Salian Franks
- Clovis I (Chlodwig), 486 Battle of Soissons
- Merovingian dynasty
- Charles Martel, Battle of Tours 732
- Carolingians: Pepin the Short, Charlemagne (born near Liège/Aachen area, 742/747-814)
- Treaty of Verdun 843: Lotharingia, West Francia, East Francia
- The Low Countries mostly in Lotharingia then Middle Kingdom
- Lothair I

**Medieval County of Holland:**
- County of Holland emergence
- Dirk I of Holland (880s-930s), considered first count
- Haarlem, Delft, Utrecht
- The water management, polders
- Counts of Holland: Floris, etc.
- Utrecht bishopric
- Flanders countship
- Brabant
- The medieval cities: Bruges, Ghent, Amsterdam (Amstel dam, 12th century)
- Guilds
- The Hanseatic League
- Black Death 1348-1350
- Hook and Cuckold wars (Hook and Cod wars, 1350-1490)

**Burgundian and Habsburg periods:**
- Burgundian Netherlands through marriage
- Philip the Good, Duke of Burgundy
- Charles the Bold
- Treaty of Arras 1435
- The Seventeen Provinces
- Mary of Burgundy married Maximilian I of Habsburg
- Charles V (Carlos I of Spain), born in Ghent 1500
- Abdication of Charles V 1556, Philip II
- Religious conflict, Protestant Reformation
- Iconoclasm (Beeldenstorm 1566)
- Council of Troubles (Blood Council) 1555, Duke of Alba
- William of Orange (William the Silent, Willem van Oranje)
- Union of Utrecht 1579
- Union of Arras 1579

**Eighty Years' War and Dutch Republic:**
- Eighty Years' War (1568-1648)
- Plakbaat / Act of Abjuration 1581
- Republic of United Provinces (Republiek der Zeven Verenigde Provinciën)
- States General
- The Dutch Golden Age
- Maurice of Nassau, military reforms
- Twelve Years' Truce 1609
- Treaty of Westphalia 1648 (Peace of Münster)
- Francisco de Melo, Battle of Nieuwpoort 1600
- Battle of Turnhout 1597
- Ambrogio Spinola, siege of Breda 1624-1625
- Slag bij Leiden relief 1574
- The Spanish Fury in Antwerp 1576
- Sack of Antwerp
- Massacre of Naarden 1572
- Watergeuzen (Sea Beggars), capture of Den Briel 1572
- William of Orange assassinated 1584
- Maurice of Nassau (Maurits)
- Frederick Henry (Frederik Hendrik)
- Johan van Oldenbarnevelt executed 1619
- Remonstrants vs Gomarists, Arminian controversy
- Synod of Dort (Dordrecht) 1618-1619
- Hugo Grotius, Mare Liberum 1609, escaped in book
- Hugo de Grotius

**Dutch Golden Age:**
- VOC (Vereenigde Oostindische Compagnie) founded 1602, first multinational company, IPO 1602
- Willem Barentsz, attempts to reach Asia via Northeast Passage
- Jacob van Heemskerck, discovery of Spitsbergen 1596
- Jan Huygen van Linschoten, maps
- Pieter Keyser, Frederick de Houtman
- Frederick de Houtman landing in Sumatra 1596
- The WIC (West-Indische Compagnie) founded 1621
- New Netherland, New Amsterdam (1624/1626), Peter Minuit
- Peter Stuyvesant
- Dutch Brazil (New Holland), Mauritsstad, John Maurice of Nassau governor 1637-1644
- Petrus Plancius, mapmakers
- Dutch East Indies (Batavia, Jakarta, 1619, Jan Pierson Coen)
- Cape Colony (1652, Jan van Riebeeck)
- Curaçao, Aruba
- New Netherland, Manhattan
- The Dutch Golden Age painting: Rembrandt, Vermeer, Frans Hals, Jacob van Ruisdael, Jan Steen, Meinder Hobbema, Gerard ter Borch
- Rembrandt van Rijn (1606-1669)
- Johannes Vermeer (1632-1675)
- Frans Hals (1582-1666)
- Jacob van Ruisdael
- Rembrandt's Night Watch 1642
- Vermeer's Girl with a Pearl Earring
- Science: Hugo Grotius (international law), Christiaan Huygens (clock, Saturn's moon Titan, optics), Antonie van Leeuwenhoek (microscope), Jan Swammerdam, Spinoza (philosopher)
- Cartography: Blaeu, Visscher
- The Dutch East India Company's monopoly
- Tulip Mania (Tulpenmanie) 1637
- Amsterdam as financial center, Amsterdam Exchange Bank (Wisselbank) 1609, Amsterdam Stock Exchange (Beurs) 1602
- Rotterdam
- The Grotian system

**18th century decline:**
- The Third Anglo-Dutch War (1672, Rampjaar/Disaster Year), Rampjaar
- The Rypestreek, burning of the fleet at Chatham
- De Ruyter, Battle of the Medway 1667 (raid on the Medway)
- Michiel de Ruyter
- The Fourth Anglo-Dutch War (1780-1784)
- Decline of trade dominance
- The stadtholderate, last stadtholder William IV, William V
- Patriot revolt 1780s
- French invasion 1795

**Batavian Republic and Napoleonic period:**
- Batavian Republic (1795-1806)
- Charles William Ferdinand... no
- The French invasion under Pichegru 1795
- William V fled to England
- Jan Willem Janssen, Rutger Jan Schoppe (Schimmelpenninck)
- Batavian Republic 1795, Unitary state 1801
- William I of the Netherlands (Louis Bonaparte, King of Holland 1806-1810)
- Louis Bonaparte King of Holland 1806-1810
- Kingdom of Holland
- Annexation to French Empire 1810
- The Scheldt blockade, Continental System

**Kingdom of the Netherlands from 1815:**
- Congress of Vienna 1815
- United Kingdom of the Netherlands
- William I (Willem I), William II, William III
- Kingdom of the Netherlands includes Belgium until 1830
- Belgian Revolution 1830
- The constitution of 1848 (Johan Rudolph Thorbecke)
- Parliamentary democracy
- Willem II, Willem III
- Abolition of slavery 1863 (in Dutch Indies)
- Neutrality in WWI
- The Kingdom's territorial changes

**Industrialization:**
- Industrial revolution in Netherlands
- Railways from 1839 (Amsterdam-Utrecht)
- Port of Rotterdam
- Shell (Royal Dutch Shell)
- Philips (Eindhoven)
- The Randstad
- Agriculture, dairy
- The "Golden Age" revival

**World Wars and occupation:**
- WWI: Dutch neutrality maintained
- WWII: German invasion 1940 (May 10, 1940)
- Battle of the Netherlands
- Rotterdam Blitz (May 14, 1940)
- Surrender after Rotterdam bombing
- Queen Wilhelmina fled to England
- The Netherlands occupied 1940-1945
- The Westermark, Hunger Winter (Hongerwinter) 1944-45
- The Holocaust, Dutch Jews, 104,000 Jews murdered
- Anne Frank
- Operation Market Garden 1944
- Arnhem Bridge
- General Eisenhower vs Montgomery
- The Battle of the Scheldt 1944
- Liberation 1944-1945
- The Netherlands East Indies Japanese occupation
- Sukarno, Indonesian independence 1945-1949

**Decolonization:**
- Dutch East Indies, Indonesian National Revolution
- "Police Actions" (Operatie Product 1947, Operatie Kraai 1948)
- Recognition of Indonesian independence 1949
- Curaçao, Aruba, Netherlands Antilles
- Suriname independence 1975
- The colonial legacy

**Post-war reconstruction and welfare state:**
- Post-war reconstruction
- The Marshall Plan (ERP, European Recovery Program)
- The polder model
- The welfare state ( verzorgingsstaat)
- The cabinet forms
- Drees cabinet, Willem Drees
- The establishment of the social security
- The housing (woningbouw)
- De Stijl, Bauhaus influence
- The Zuiderzee Works (Zuiderzee-werken), Afsluitdijk 1932
- Flevoland

**European integration:**
- Benelux (1944/1958)
- ECSC (1951), Treaty of Paris
- EEC (1957), Treaty of Rome
- The founding members
- The European Parliament in Strasbourg
- The Dutch contribution
- The Common Agricultural Policy
- The North Sea
- EU enlargement

**21st century:**
- The Netherlands in the 21st century
- The 2003 Amsterdam airport / Schiphol
- The rise of the PVV (Geert Wilders)
- The 2002 murder of Pim Fortuyn
- The 2004 murder of Theo van Gogh
- The Iraq War, Dutch stance
- The Afghanistan war (Uruzgan)
- The economic crisis 2008-2013
- The Rutte cabinets
- The 2016 EU referendum (Netherlands voted to remain)
- The refugee crisis 2015
- The COVID-19 pandemic
- The climate, the energy transition
- The gas extraction in Groningen (Groningen gas crisis, earthquakes)
- The current monarchy, King Willem-Alexander (2013-)
- The current political landscape

Let me write this comprehensively. I'll aim for a very long essay, perhaps 8,000-12,000 words, covering all these periods in depth with specific details.

I'll write it as a flowing essay with section headers. Let me be careful with historical accuracy and include specific dates, names, and events.

Let me start writing.

I should note that this is a legitimate, substantial academic-style writing request. I'll produce a comprehensive essay. Let me write it well.

Let me structure with clear headers and write extensively on each.
</think>

# The History of the Netherlands: From Prehistoric Shores to the Twenty-First Century

## Introduction: A Nation Forged by Water

The history of the Netherlands is, above all, a story of the relationship between humanity and water. The name itself—*Nederland*, "Low Countries"—refers to the fact that roughly a third of the country lies below sea level, and much of the remainder is protected from the sea and rivers by an elaborate system of dikes, dams, and polders developed over more than a millennium. This geographical reality shaped settlement patterns, economic priorities, political structures, and national identity. Yet the Netherlands also became one of the most influential nations in world history in proportion to its small size, pioneering modern capitalism, international law, financial markets, and scientific inquiry during its Golden Age. This essay traces the full arc of that history, from the first Neanderthal footprints on Dutch soil to the contemporary challenges of the twenty-first century.

---

## Part I: Prehistoric Settlement

### The Paleolithic and Mesolithic

The earliest evidence of human presence in the Netherlands dates to the Paleolithic. Fossilized bones and artifacts recovered at Veldhoven, in the province of North Brabant, indicate that Neanderthals (*Homo neanderthalensis*) inhabited the region some 250,000 years ago. At Arnhem-Lossereiland, along the Niers river, archaeological excavations have yielded Neanderthal artifacts dating to roughly 60,000 to 200,000 years ago, including stone tools and the bones of horses, reindeer, and mammoths. During the last Ice Age, much of the Netherlands was tundra or steppe, inhabited by hunter-gatherer groups who followed herds of reindeer, horses, and musk oxen.

After the last glacial maximum, anatomically modern humans (*Homo sapiens*) arrived. The oldest remains of modern humans in the Netherlands, found at Zwijndrecht, date to approximately 10,000 BCE. During the Mesolithic (around 8000–5800 BCE), groups such as those at Bavel, Swarldronthe, and the famous Feddgaw group in Drenthe lived as foragers, hunting red deer, wild boar, and aurochs, and fishing and birding along the rivers and wetlands. The Swartduinen site near Ede has yielded Mesolithic flint tools. The landscape was transitioning: as the ice retreated, birch and pine forests gave way to broadleaf woodland of oak, elm, and lime, supporting different game.

### The Neolithic Revolution

Around 5000 BCE, the Neolithic Revolution reached the Netherlands. The Linear Pottery culture (Linienbandkeramik, or LBK), originating in central Europe, brought agriculture and animal husbandry. Neolithic farmers settled along the fertile river valleys of the Rhine, Meuse, and Scheldt, cultivating emmer and einkorn wheat and raising cattle, sheep, and goats. They built longhouses and buried their dead in megalithic tombs.

The Funnelbeaker culture (Trechterbekencultuur, TRB), which flourished from around 4300 BCE, is particularly associated with the eastern provinces of Drenthe and Groningen, where the *hunebedden* (giant's graves)—megalithic dolmens—were constructed around 3400–3200 BCE. These monumental tombs, such as those at Borger, Havelte, and Eext, remain among the most iconic prehistoric monuments in the country. The construction of these tombs required organized communal labor and reflects a settled agricultural society with emerging social hierarchy.

### The Bronze Age and Iron Age

The Bronze Age (c. 1800–800 BCE) saw the introduction of metalworking. The Hilversch culture and later the Urnfield culture (from around 1200 BCE) characterized this period. Bronze weapons, tools, and ornaments have been found throughout the country, including in bogs used as sacrificial sites. Notable finds include the Schiphol sword and various bronze axes.

The Iron Age (from around 800 BCE) brought the Hallstatt and La Tène cultures. During this period, the land north of the Rhine and Scheldt was inhabited by a variety of Germanic peoples, while the southern regions had Celtic (Belgic) influence. The most famous Iron Age discovery in the Netherlands is the Germinne bog finds and, above all, the bog bodies—best preserved at Vechten, Drenthe, and Ter Heene—with the bog body of Vechten dating to around 200 BCE. These remarkably preserved remains provide extraordinary insight into the lives, clothing, and possibly ritual sacrifices of Iron Age inhabitants.

Crucially, the geography of the Netherlands was changing. Rising sea levels after the Ice Age, combined with subsidence of the land and storm surges from the North Sea, gradually flooded large areas, creating the Wadden Sea, the Zuiderzee, and the extensive marshlands that would define the region. This process, ongoing for millennia, pushed settlement toward the higher ground of the river deltas and the coastal ridges.

---

## Part II: The Roman Frontier (1st century BCE – 5th century CE)

### Roman Contact and the Limes

Roman interest in the region began with the Gallic Wars of Julius Caesar. In 57 BCE, Caesar conquered the Belgae, the Celtic-speaking peoples of the southern Netherlands. However, Roman consolidation north of the Rhine was short-lived. After the catastrophic defeat of three Roman legions by the Germanic Cherusci under Arminius at the Battle of the Teutburg Forest in 9 CE, Rome abandoned ambitions of conquering Germania and instead established the Rhine (Rhenus) river as the northern frontier, or *limes*.

The area south and west of the Rhine, in what is now the southern Netherlands, became part of the Roman province of Gallia Belgica and later Germania Inferior, with its capital at Colonia Claudia Ara Agrippinensium (modern Cologne). The Romans established a network of forts and settlements. Key Roman sites in the Netherlands include:

- **Noviomagum** (Nijmegen), capital of the Civitas Noviomagensis, where the emperor Trajan was reportedly born around 53 CE.
- **Lugdunum Batavorum** (near Leiden), a legionary fortress.
- **Matilo** (near Leiden) and **Forum Hadriani** (Hadrian's Fort, near Voorburg), the administrative center of the region.
- **Fectio** (Vechten) and **Tolbium** (Zaltbommel), fortifications along the Rhine.

The Romans encountered, and frequently conflicted with, the local tribes, most notably the **Batavians**, a Germanic people who settled in the river delta region after being pushed out of their original homeland. The Batavians were renowned as soldiers and were recruited into Roman auxiliary cavalry units, forming the elite *equites Batavi*.

### The Batavian and Frisan Revolts

Roman rule was often resented, and two major revolts erupted in the region. The **Frisian Revolt** (17–18 CE) was led by **Civilis** (a Chaucian chief) and the Batavians, though it began among the Frisians, who rebelled against Roman taxation and the forced labor of building a road. The revolt was crushed, and its leader, the Frisian chief **Gannicus**, was executed in Rome.

The more significant uprising was the **Batavian Revolt** (69–70 CE), led by **Julius Civilis**, a Batavian nobleman and former Roman officer. Civilis exploited the Roman civil war following the death of Nero, allying with the rebels Vitellius and later Marcus Salvius Otho. The Batavians destroyed the legionary fortress at Lugdunum Batavorum and defeated a Roman army under Gaius Dillius Vocula. Although the revolt ultimately failed—Civilis made peace with the new emperor Vespasian—the Batavians retained a special status as autonomous allies of Rome, providing troops in exchange for exemptions from certain taxes.

### The Decline of the Roman Frontier

By the 3rd century, Roman control along the Rhine weakened considerably. The empire faced crises of the "Third Century," including invasions by the Franks, Saxons, and Alamanni, who increasingly settled in the *ager Batavicus* (the Batavian land) beyond the limes. Roman administrative control effectively collapsed in the region by the early 5th century as the empire withdrew its legions to defend other frontiers. The vacuum left by the Romans allowed Germanic peoples—above all the **Franks**, the **Frisians**, the **Saxons**, and the **Angles** and **Jutes** (who would migrate to Britain)—to establish themselves in the region.

---

## Part III: The Frankish Era and the Early Middle Ages

### The Merovingians and the Christianization

With the Roman withdrawal, the **Franks**, a confederation of Germanic tribes, expanded their power throughout the Low Countries. The Salian Franks, in particular, established their power base in the region around Tournai and Tongeren. **Clovis I** (Chlodwig), the first king of the Salian Franks, defeated the Roman governor Syagrius at the Battle of Soissons in 486 CE and subsequently conquered much of Gaul, including the Netherlands. Clovis's conversion to Catholic Christianity (rather than the Arianism favored by other Germanic rulers) around 496–508 CE, traditionally associated with the bishop Remigius of Reims, had profound consequences, aligning the Frankish kingdom with the papacy and the Catholic Church.

The **Merovingian dynasty** ruled the Franks for the next century and a half, though their power gradually waned as the royal officials known as *maiores domus* (mayors of the palace) accumulated real authority. During this period, the region was Christianized more thoroughly. Missionaries such as **Willibrord** (658–739), an Anglo-Saxon monk known as the "Apostle to the Frisians," established the bishopric of Utrecht in 695 and worked to convert the Frisians. Willibrord was supported by Charles Martel, the Carolingian mayor of the palace.

### The Carolingians and Charlemagne

The **Carolingian dynasty** rose to prominence through the mayors of the palace. **Pepin the Short** deposed the last Merovingian king in 751 and was crowned king, receiving papal sanction. His son, **Charlemagne** (Karl der Große, Charles the Great, c. 742/747–814), one of the most important figures in European history, expanded the Frankish kingdom dramatically. Charlemagne was born near Liège, in the region that is now part of the Low Countries, and he made Aachen (Aix-la-Chapelle, in modern Germany) his capital. He conquered the Saxons, forcibly converting them to Christianity, and was crowned Emperor of the Romans by the pope in 800.

Charlemagne's empire, however, was not to survive intact. His grandson **Louis the Pious** inherited the whole, and after Louis's death, the empire was divided among his three sons by the **Treaty of Verdun in 843**. This treaty split Charlemagne's empire into three kingdoms:

- **West Francia** (which would become France), ruled by Charles the Bald.
- **East Francia** (which would become Germany), ruled by Louis the German.
- **Middle Francia** (Lotharingia), ruled by **Lothair I**, which stretched from the North Sea down through the Low Countries, Lorraine, and into northern Italy.

The Low Countries fell largely within **Lotharingia**, and after Lothair's death, this middle kingdom was repeatedly contested and eventually divided. The northern part, Upper Lotharingia (Lorraine), and the Low Countries became a contested borderland between the emerging kingdoms of France and Germany, a geopolitical situation that would shape Dutch history for centuries.

---

## Part IV: The Medieval County of Holland and the Low Countries

### The Emergence of the County of Holland

As central authority weakened, local lords and counts accumulated power. In the region that would become the **County of Holland**, the counts of Holland emerged as a powerful dynasty. **Dirk I** (Dirk van Holland), who ruled from around 880 to 932, is traditionally regarded as the first count of Holland. The county was centered on the lower Rhine and Meuse, with its core around Haarlem, Delft, and later Amsterdam.

The counts of Holland expanded their territory over the centuries through marriage, conquest, and the systematic reclamation of land from water. Notable counts include:

- **Floris III** (ruled 1121–1157), who strengthened the county and founded abbeys.
- **Floris IV** and **Floris V** (ruled 1254–1296), the latter known as "the Farmer Count" (Graag Floris), who greatly expanded the county's territory through land reclamation and the subjugation of rebellious nobles. Floris V's assassination in 1296, allegedly orchestrated by the nobleman Gijsbrecht van Amstel, is a pivotal event.

The city of **Amsterdam** grew from a small fishing village at the mouth of the Amstel river. Its strategic importance was recognized when Count Floris V granted Amsterdam city rights in 1306 and, crucially, exempted its citizens from tolls on the Amstel, giving the city a commercial advantage over neighboring towns. Amsterdam's rise as a trading center would prove decisive for the future of the country.

### Utrecht, Flanders, and Brabant

The **Bishopric of Utrecht** was a powerful ecclesiastical state, distinct from the secular County of Holland. The bishops of Utrecht controlled a large territory and were among the most powerful princes in the region. Utrecht was a major religious and commercial center, and its bishop competed with the counts of Holland for dominance.

To the south, the **County of Flanders** and the **Duchy of Brabant** became the economic powerhouses of the Low Countries. **Ghent** and **Bruges** (Brugge) grew into some of the largest and wealthiest cities in Europe, centers of the cloth (textile) trade. Bruges benefited from its position as a seaport, while Ghent became a major producer of fine cloth. The wealth of these Flemish and Brabant cities would fund the cultural flourishing of the region.

The counts of Flanders, such as **Baldwin** (Boudewijn) dynasties, and the dukes of Brabant, were frequently in conflict with both the French crown and the German emperors, as the Low Countries straddled the border between the two emerging nations.

### Medieval Economy, Guilds, and the Hanseatic League

The medieval economy of the Low Countries was based on agriculture, fishing, and above all trade. The region's flat, water-rich landscape was ideal for the development of an extensive canal network and for the innovative reclamation of land through the construction of polders—land enclosed by dikes and drained by ditches and wind-powered pumps. This water management expertise would become a hallmark of Dutch civilization.

Medieval cities were organized around **guilds**, associations of merchants and artisans that regulated production, prices, and training. The guilds of Ghent, Bruges, and later Amsterdam, Utrecht, and Rotterdam were powerful institutions. The **Hanseatic League** (Hanse), a confederation of German trading cities, had a major trading post (kontor) in Bruges and exerted significant influence over North Sea and Baltic trade.

### The Black Death and the Hook and Cod Wars

The **Black Death** reached the Low Countries in 1348–1349, one of the most devastating pandemics in human history, killing an estimated 40–60% of the population. The demographic catastrophe had long-term economic effects, including labor shortages that gradually improved the position of surviving workers and contributed to social change.

In Holland and Zealand, a dynastic and political conflict known as the **Hook and Cod Wars** (Hoekse en Kabeljauwseuwen) raged from 1350 to 1490. The "Hooks" (Hoeken) supported the countess Jacoba of Bavaria and the House of Bavaria, while the "Cods" (Kabeljauwen) supported various claimants and were stronger in the cities of Amsterdam, Delft, and Rotterdam. The wars weakened the county of Holland politically but did not prevent its economic growth.

---

## Part V: The Burgundian and Habsburg Periods

### The Burgundian Netherlands

The turning point came through dynastic marriage. **Philip the Good** (Philippe le Bon), Duke of Burgundy, greatly expanded Burgundian territory in the Low Countries through purchase, marriage, and conquest, bringing together most of the provinces—Flanders, Brabant, Holland, Zealand, Guelders, Hainaut, Namur, and others—into a unified, wealthy entity known as the **Burgundian Netherlands**. Philip the Good, who ruled from 1419 to 1467, was a great patron of the arts; his court at Dijon and Bruges was a center of the **Early Netherlandish painting** movement, including masters such as **Jan van Eyck**, **Rogier van der Weyden**, and **the Master of Flémalle (Robert Campin)**.

Philip the Good also founded the prestigious **Order of the Golden Fleece** in 1430. His son **Charles the Bold** (Karel de Stoute), who ruled from 1467 to 1477, sought to elevate the Burgundian territories into a independent kingdom but was killed at the Battle of Grandson in 1477 fighting the Swiss.

### The Habsburg Inheritance

Charles the Bold's sole heir was his daughter **Mary of Burgundy** (Mary, Duchess of Burgundy). In 1477, she married **Maximilian I** of the House of Habsburg, the future Holy Roman Emperor. This marriage brought the Burgundian Netherlands into the Habsburg domains. Their grandson, **Charles V** (Carlos I of Spain, Karel V), born in **Ghent on 24 February 1500**, inherited an vast empire: the Netherlands, Spain, Naples, Sicily, Sardinia, Austria, and the newly discovered lands in the Americas.

Charles V spoke Dutch as his first language and considered the Low Countries his homeland. He issued the **Pragmatic Sanction of 1549**, which united the Seventeen Provinces (the territory of the modern Low Countries) into a single hereditary entity, indivisible and inalienable, to be inherited by his descendants. This was a crucial step in the political consolidation of the region, though it also bound the Low Countries to the Spanish crown.

Charles V abdicated in 1556, dividing his empire. The Netherlands, along with Spain and its overseas empire, passed to his son **Philip II** (Felipe II), while the Austrian Habsburgs inherited the imperial title.

---

## Part VI: The Eighty Years' War and the Dutch Republic

### The Reformation and Religious Conflict

The religious landscape of the Low Countries was transformed by the **Protestant Reformation**. Martin Luther's protest against the Catholic Church in 1517 spread rapidly, and in the Low Countries, various Protestant movements gained adherents, including **Lutherans**, **Calvinists** (Reformed), and radical reformers. The Calvinists, in particular, grew powerful in the northern provinces, especially Holland and Zealand.

Philip II, a devout Catholic, sought to maintain Catholic unity in his domains and enforce orthodoxy. He sent the **Duke of Alba** (Fernando Álvarez de Toledo) to the Low Countries in 1567 with an army to suppress Protestantism and restore royal authority. Alba established the **Council of Troubles** (bijnaam "Bloedraad," the Blood Council), which executed or confiscated the property of thousands of "heretics," including the nobleman **Cornelis de Ryckholt** and the brothers **Horries and Langare** (the counts Egmont and Horn, noblemen of moderate views, were also executed in 1568). The brutality of Alba's rule, far from suppressing dissent, fueled resistance.

### The Outbreak of War and William of Orange

The leader of the resistance was **William of Orange** (Willem van Oranje, William the Silent, 1533–1584), a wealthy nobleman raised at the court of Philip II who had converted to Calvinism. William led the nobleman's **Compromise of the Nobles** (1566) and subsequently the Protestant revolt against Spanish rule.

The immediate trigger for open war was the **Beeldenstorm** (Image Storm / Iconoclasm) of 1566, a wave of Protestant mobs destroying Catholic church images and statues across the Low Countries. Philip II's response with Alba's army escalated the conflict.

William of Orange organized the resistance, initially seeking assistance from the French prince **Louis de Nevers, Count of Coligny**, and later from **Elizabeth I of England**. The revolt gained momentum through the **Watergeuzen** (Sea Beggars), Protestant privateers. In 1572, the Sea Beggars captured the town of **Den Briel** (Den Briel) in Holland, a pivotal event that opened much of Holland and Zealand to the rebels.

The Spanish response was brutal. The **Spanish Fury** in **Antwerp in 1576**, when unpaid Spanish soldiers sacked the city, killing thousands and causing enormous destruction, shocked the country and temporarily united north and south. The **Massacre of Naarden** in 1572, where Spanish troops killed much of the population of the town of Naarden, further galvanized resistance in the north.

### The Union of Utrecht and the Act of Abjuration

In 1579, the northern provinces formed the **Union of Utrecht**, a military and political alliance committed to resisting Spanish rule and defending the Reformed religion. This is regarded as the foundational act of the Dutch Republic. In response, the southern provinces (mostly Catholic) formed the **Union of Arras** (1579), which reconciled with Spain.

The decisive political act came on **26 July 1581**, when the **States General** (States General of the United Provinces) issued the **Act of Abjuration** (Plakbaat), formally deposing King Philip II as sovereign of the Netherlands and declaring that the people had the right to revolt against a tyrannical ruler. This document, influenced by Calvinist theories of resistance and classical republicanism, is regarded as the "declaration of independence" of the United Provinces.

### The Struggle Continues: Maurice and the States Party

The subsequent decades saw the war continue, with the **Dutch Republic** (formally the **Republic of the United Provinces**, *Republik der Zeven Verenigde Provinciën*) holding its territory. The Republic was a confederation, governed by the **States General**, with each province retaining significant sovereignty. The provinces of **Holland**, **Zealand**, **Utrecht**, **Guelders**, **Overijssel**, **Friesland**, and **Groningen** formed the core.

The military leadership fell to **Maurice of Nassau** (Maurits van Oranje), son of William of Orange, who reformed the Dutch army along Protestant lines and won several important victories, including the **Battle of Turnhout** (1597) and the **Battle of Nieuwpoort** (1600) against the Spanish under **Francisco de Melo**. Maurice's military reforms, including the introduction of synchronized drill and the "reduction" of the pay master's power, made the Dutch army one of the most effective in Europe.

A major political and religious controversy divided the Republic: the dispute between the **Remonstrants** (Arminians), who held a more lenient theological view and were associated with the statesman **Johan van Oldenbarnevelt** and the jurist **Hugo Grotius**, and the **Gomarists** (Calvinists, led by **Gomarus**), who were supported by Maurice. Maurice seized power in a coup in 1618, and the **Synod of Dort** (Dordrecht) of 1618–1619 condemned the Remonstrants as heretics. **Johan van Oldenbarnevelt** was executed in 1619, and **Hugo Grotius** escaped in a book chest (a famous escape) from Loevestein castle in 1610. This established the Calvinist Reformed Church as the privileged (though not exclusive) church of the Republic.

### The Twelve Years' Truce and the Peace of Westphalia

A **Twelve Years' Truce** was signed in **1609**, halting active hostilities between Spain and the Republic and providing a breathing space during which the Republic flourished. The truce effectively recognized the de facto independence of the Republic, though Spain did not formally acknowledge it.

The war formally ended with the **Peace of Münster** (part of the **Treaty of Westphalia**) on **15 May 1648**, one of the agreements that ended the Thirty Years' War in Europe. Spain formally recognized the independence of the Dutch Republic. This date, 15 May, is celebrated as **Republiekendag** (Republic Day) in the Netherlands.

---

## Part VII: The Dutch Golden Age

### The Economic Miracle

The period from roughly 1588 to 1670 is known as the **Dutch Golden Age** (Gouden Eeuw), a time of extraordinary prosperity, cultural achievement, and global influence, despite the Republic's small size (a population of about 2 million). The Republic became the wealthiest and most economically advanced region in Europe, and Amsterdam became the financial capital of the world.

Several factors contributed to this success: the pragmatic, tolerant (relative to the rest of Europe) religious climate that attracted refugees, including skilled Jews from Spain and Portugal and Protestants from the south; the expertise in shipbuilding, fishing, and water management; the development of efficient financial institutions; and the entrepreneurial spirit of the merchant class.

### The VOC and the WIC: Global Trade and Colonization

The cornerstone of Dutch economic power was the **Vereenigde Oostindische Compagnie** (United East India Company, **VOC**), founded in **1602**. The VOC is often regarded as the world's first multinational corporation and the first company to issue stock (shares) on a stock exchange. It was granted a 21-year monopoly on Dutch trade in Asia and had the power to wage war, negotiate treaties, and establish colonies. The VOC was capitalized at about 6.5 million guilders and became enormously profitable, paying dividends of up to 40%.

The VOC established its headquarters in **Batavia** (modern Jakarta) in **1619**, founded by **Jan Pierson Coen**. From Batavia, the VOC controlled the trade in spices (nutmeg, cloves, mace, pepper), porcelain, silk, and other goods. The VOC established trading posts and colonies across Asia, including **Ceylon** (Sri Lanka), **South Africa** (the Cape Colony, established by **Jan van Riebeeck** in 1652), **Formosa** (Taiwan), **Malacca**, **Ambon**, and **Japan** (the trading post at Dejima in Nagasaki harbor).

The **West-Indische Compagnie** (West India Company, **WIC**), founded in **1621**, was granted a monopoly on Dutch trade and colonization in the Atlantic. The WIC established **New Netherland** in North America, with its capital **New Amsterdam** (on the site of modern New York City), founded in 1624–1626. **Peter Minuit** is traditionally credited with "purchasing" Manhattan from the Lenape people in 1626 (a transaction whose nature and value remain debated). The WIC also established the colony of **New Holland** in **Brazil** (1630–1654), governed by **John Maurice of Nassau** (Maurits van Nassau), who developed **Mauritsstad** (Recife) as a flourishing colony. The WIC was involved in the slave trade, establishing the **Dutch West India Company's** role in transporting enslaved Africans, and controlled the **Danish** and **Swedish** colonial ventures to some extent.

### Exploration and Cartography

Dutch explorers and navigators made significant contributions to global geography. **Willem Barentsz** made three attempts (1596, 1597, 1598) to find the **Northeast Passage** (a route north of Asia to Asia) and discovered **Spitsbergen** (Svalbard) in 1596. **Jacob van Heemskerck** accompanied Barentsz on the third voyage, during which the crew perished and Barentsz died. **Jan Huygen van Linschoten** published influential travel accounts and maps, including *Itinerario* (1595), which revealed Portuguese secrets of trade in Asia. **Frederick de Houtman** landed in **Sumatra** in 1596, the first direct Dutch voyage to Asia. **Houtman's** expedition, though it ended in disaster (Houtman was arrested in Sumatra), opened the way for subsequent voyages.

Dutch cartographers, including **Joan Blaeu**, **Hessel Gerritsz**, and **Jan Jansson**, produced some of the most accurate and beautiful maps of the era. The Blaeu atlas, the *Atlas Maior* (1662), was one of the most expensive and elaborate books of the century.

### The Financial Revolution

The Republic pioneered modern financial institutions. The **Amsterdam Exchange Bank** (Wisselbank), founded in **1609**, provided a stable currency and reliable deposit and transfer services, becoming the reserve bank of Europe. The **Amsterdam Stock Exchange** (Amsterdamse Beurs), established in 1602, was the world's first formal stock exchange, where VOC and WIC shares were traded. The **Amsterdam Stock Exchange** and the Bank of Amsterdam facilitated the raising of capital and the development of modern finance, including instruments such as futures, options, and short selling.

Amsterdam's **Dam Square** and the **Royal Palace** (originally a city hall) reflected the wealth and confidence of the era. The city's skyline, dominated by the towers of churches and the warehouses along the concentric canals, was a symbol of commercial success.

### The Golden Age of Art

The Dutch Golden Age produced some of the greatest artists in Western art history. **Rembrandt van Rijn** (1606–1669), born in Leiden, is regarded as one of the greatest painters in European history. His works, including the **Night Watch** (De Nachtwacht, 1642), the *Self-Portraits*, and biblical and genre scenes, revolutionized the use of light and shadow (chiaroscuro) and psychological depth. **Johannes Vermeer** (1632–1675), from Delft, is known for his intimate domestic scenes and masterful use of light, including **Girl with a Pearl Earring** and *The Milkmaid*. **Frans Hals** (1582–1666), from Haarlem, was a master of lively portraiture. Other major painters included **Jacob van Ruisdael** (landscapes), **Jan Steen** (genre scenes), **Meinder Hobbema** (landscapes), **Gerard ter Borch** (genre), **Gerrit Dou** (detail), and **Dirck Hals**.

The art market was distinctive: unlike the rest of Europe, where artists were largely commissioned by the church and aristocracy, the Dutch art market was driven by a broad middle-class clientele. Artists sold their works through dealers and at markets, and subjects included landscapes, still lifes, genre scenes, portraits, and seascapes, reflecting the secular, commercial values of the Republic.

### Science and Philosophy

The Republic was also a center of scientific innovation. **Hugo Grotius** (1583–1645), the jurist, wrote ***Mare Liberum*** (The Free Sea, 1609), arguing for freedom of the seas, and ***De jure belli ac pacis*** (On the Law of War and Peace, 1625), foundational works in **international law**. **Christiaan Huygens** (1629–1695), a mathematician and physicist, invented the **pendulum clock** (1656), discovered Saturn's moon **Titan** (1655), and made contributions to optics and the wave theory of light. **Antonie van Leeuwenhoek** (1632–1723), a draper turned scientist, improved the microscope and was the first to observe microorganisms (he called them "animalcules"), bacteria, and blood cells, founding microbiology. **Jan Swammerdam** studied insects and blood. The philosopher **Baruch Spinoza** (1632–1677), of Portuguese Jewish descent, developed a radical philosophical system in his *Ethics* and *Theological-Political Treatise*, arguing for the separation of philosophy and theology and for freedom of thought.

### Tulip Mania

A famous episode of the era was **Tulip Mania** (Tulpenmanie) of **1637**, when the price of certain rare tulip bulbs—particularly the "Semper Augustus"—rose to extraordinary heights and then crashed. While later accounts exaggerated the scale (involving the general population), the crash of tulip futures contracts represented one of the first recorded speculative bubbles in financial history.

---

## Part VIII: The Eighteenth-Century Decline

### The Disaster Year (Rampjaar) of 1672

The Golden Age began to wane in the late 17th century. The turning point was the **Third Anglo-Dutch War** (1672), known in the Netherlands as the **Rampjaar** (Disaster Year). In 1672, the Republic was attacked simultaneously by **England** (under Charles II, allied with France), **the Bishopric of Münster**, and the **Electorate of Cologne**. The French army, under Louis XIV, overwhelmed the Dutch defenses, flooding much of the country but breaching the dikes and advancing rapidly. The young **stadtholder William III** (William of Orange, later King of England) faced a crisis. The popular statesman **Johan de Witt**, the Grand Pensionary of Holland, and his brother **Cornelius de Witt** were lynched by a mob in The Hague in 1672—a traumatic event. William III became stadtholder.

Despite the disaster, the Republic recovered militarily. The Dutch fleet, under **Michiel de Ruyter**, achieved a famous victory in the **Battle of the Texel** (1673) and later, in a remarkable feat, conducted the **Raid on the Medway** (1672), when the Dutch fleet sailed up the River Medway in England and burned the English fleet, including the flagship *Royal Charles*. This raid, though tactically limited, was a profound humiliation to the English and boosted Dutch morale.

### The Fourth Anglo-Dutch War and Economic Decline

The Republic's economic dominance gradually eroded as other nations—above all **England** and **France**—caught up economically and militarily. The **Fourth Anglo-Dutch War** (1780–1784) was a disastrous conflict for the Republic. The Dutch fleet was defeated by the English navy, and Dutch trade, particularly in the Atlantic, was devastated. The war exposed the weakness of the Republic's military and financial systems.

### The Last Stadtholders and the Patriot Revolt

Politically, the Republic was an oligarchy dominated by the regents (wealthy merchant elites) of Holland. The office of **stadtholder** (stadhouder), largely ceremonial after the death of William III's era, was revived. **William IV, Prince of Orange** (stadtholder from 1747) and especially his son **William V, Prince of Orange** (the last stadtholder, from 1751, ruling in practice from 1766) were weak and unpopular. The political system was criticized as corrupt and unresponsive, leading to the **Patriot movement** (Patriotten) of the 1780s, a reformist movement that sought greater democratic participation. William V suppressed the Patriot revolt with the help of Prussian intervention in 1787, and many Patriots fled to France.

---

## Part IX: The Batavian Republic and the Napoleonic Period

### The French Invasion and the Batavian Republic

The French Revolutionary Wars reached the Low Countries in **1795**. The French army, under **General Charles Pierre François Augereau** and commanded by **General Jean-Charles Pichegru**, crossed the frozen Zuiderzee and rivers, encountering little resistance. The last stadtholder, **William V**, fled to England, taking the royal treasury with him.

On **18 January 1795**, the **Batavian Republic** (Bataafse Republiek) was proclaimed, a sister republic of France that replaced the old Republic. The Batavian Republic was a unitary state (from 1801) modeled on the French model, with a new constitution, a National Assembly, and the abolition of the old guilds and estates. The period was marked by political instability and factional conflict between the "Orangists" (pro-monarchy) and the "Unitarians" (pro-centralization, pro-French).

Prominent Batavian figures included **Jan Willem Janssen**, **Rutger Jan Schimmelpenninck** (who became Grand Pensionary in 1805), and **Rutger Jan Schoppe**. The Republic abolished the death penalty, established freedom of religion, and reformed the legal code.

### The Kingdom of Holland and Annexation to France

In **1806**, Napoleon Bonaparte, Emperor of the French, elevated his brother **Louis Bonaparte** (Louis Napoleon, Lodewijk Napoleon) to the throne of the **Kingdom of Holland** (Koninkrijk Holland), a client state of the French Empire. Louis Bonaparte, though sometimes resistant to Napoleon's wishes (particularly regarding the Continental System, the blockade against British trade), attempted to modernize the kingdom. His reign ended in **1810** when he abdicated in frustration, and the Kingdom of Holland was **directly annexed to the French Empire**.

During the annexation, the Netherlands was fully integrated into the French state. The **Scheldt** (Escaut) river, the outlet to the sea for Antwerp, was blockaded by the French to prevent British use, which devastated the port of **Rotterdam** and the economy of the southern provinces. The Continental System disrupted trade. Napoleon conscripted Dutch men into the French army, and the Dutch fleet was largely destroyed or captured. The period was economically painful and politically subordinated.

---

## Part X: The Kingdom of the Netherlands (1815–1914)

### The Congress of Vienna and the United Kingdom

After Napoleon's defeat, the **Congress of Vienna** (1815) redrew the map of Europe. The **United Kingdom of the Netherlands** was created, uniting the northern provinces with the **southern provinces** (modern Belgium) and the principality of **Luxembourg**, under **William I** (Willem I, Willem Frederik, 1772–1843), the son of the last stadtholder William V. This large kingdom was intended to serve as a buffer state against future French aggression.

William I, who reigned as King from 1815, attempted to build a unified, bilingual (Dutch and French) state with a bicameral parliament. However, the union was fraught with tensions. The southern, predominantly Catholic, French-speaking Belgians resented the dominance of the Protestant north and the Dutch language in administration.

### The Belgian Revolution of 1830

The tensions erupted in the **Belgian Revolution** of **1830**. Following the July Revolution in France, Belgians rose in revolt in Brussels against Dutch rule. After initial Dutch military response (the **Battle of Nieuwpoort** / the Ten Days' Campaign of 1831), the Belgians declared independence, and **Leopold I** (Leopold van Saksen-Coburg) became king of the Belgians in 1831. The **Treaty of London** (1839) formally recognized the separation, and the Netherlands ceded Belgium. The western part of **Flanders** (Zealand Flanders) was ceded to Belgium, giving France control of the Scheldt mouth—a lasting grievance.

The loss of Belgium was a blow, but the Netherlands focused on its remaining territory and its colonial empire.

### Constitutional Reform and Parliamentary Democracy

King **William II** (Willem II, reigned 1840–1849), son of William I, accepted the need for constitutional reform. The **Constitution of 1848**, drafted by the great statesman and historian **Johan Rudolph Thorbecke** (1798–1872), transformed the Netherlands into a parliamentary democracy. The new constitution established ministerial responsibility (ministers, not the king, were responsible to parliament), direct election by the wealthy (limited suffrage), and strengthened the powers of the States General and the Second Chamber. Thorbecke, a liberal, is regarded as the "father" of the Dutch constitution.

The constitution established the framework of Dutch democracy that persists in modified form today. Subsequent reforms extended suffrage: universal male suffrage was introduced in 1887 (limited), and universal male suffrage in 1917, with women's suffrage achieved in 1919.

### The Reigns of William II, William III, and the Modern State

**William II** (1840–1849) oversaw the constitutional reform. His son **William III** (Willem III, reigned 1849–1890) ruled during a period of economic recovery and colonial consolidation. William III's reign saw the **abolition of slavery** in the Dutch East Indies in **1863** (though with a ten-year transition period of "state supervision"), the expansion of the railway network, and the growth of industry.

William III's daughter, **Queen Wilhelmina** (Wilhelmina, reigned 1890–1948), became queen as a child and ruled for 58 years, a long and influential reign that spanned the turn of the century, both World Wars, and the interwar period. Her reign saw the extension of suffrage, the rise of political parties along ideological lines (liberals, conservatives, and the newly powerful **socialists** and **anti-revolutionary/Protestant and Catholic** parties), and the beginning of social legislation.

### Industrialization

The Netherlands industrialized more slowly and less dramatically than Britain or Germany, but industrialization was real and significant. The **railway network** began in **1839** with the opening of the line from **Amsterdam to Utrecht**. Railways expanded rapidly, connecting the major cities and facilitating trade. The **port of Rotterdam** grew into one of the largest and most important ports in the world, especially after the opening of the **Rotterdam Canal** and the expansion of the harbor.

Key industries included **textiles** (in Twente, around Enschede and Hengelo), **food processing** (dairy, sugar, tobacco), **shipbuilding**, and later **petroleum refining** and **chemicals**. The founding of **Royal Dutch Shell** (Koninklijke Shell, 1907, from the merger of the Royal Dutch Petroleum Company, founded 1890, and Shell Transport and Trading) and **Philips** (founded 1891 in Eindhoven by brothers **Gerard** and **Anton Philips**) marked the rise of major industrial corporations. The **Randstad** (the conurbation of Amsterdam, Rotterdam, The Hague, and Utrecht) became the economic heartland.

Agriculture remained important, and the Netherlands developed a highly productive **dairy** and **horticultural** sector. The reclamation of land continued with the **Zuiderzee Works** (Zuiderzee-werken), a massive land reclamation project. The **Afsluitdijk** (Zuiderzee Dam), completed in **1932**, closed off the Zuiderzee from the North Sea, creating the **Ijsselmeer** and enabling the reclamation of new land (polders), including **Flevoland**. This engineering achievement was a continuation of the centuries-old Dutch struggle to control water.

### Colonial Empire

The Netherlands maintained a substantial colonial empire, centered on the **Dutch East Indies** (modern Indonesia), but also including **Curaçao**, **Aruba**, and other Caribbean islands, and **Dutch Guiana** (Suriname). The **Dutch East India Company** (VOC) had been dissolved in 1799, and the state took over the East Indies, which became the **State of the East Indies** (State der Indies). The colonial period was marked by the **Ethical Policy** (Ethische Politiek), introduced around 1901, which emphasized responsibility for the welfare, education, and emigration of the indigenous population, though it remained fundamentally exploitative and racist.

---

## Part XI: The World Wars

### World War I: Neutrality Maintained

The Netherlands maintained **strict neutrality** during **World War I** (1914–1918). Under Queen Wilhelmina, the country avoided being drawn into the conflict, though it faced economic hardship and the challenge of arming itself for defense. The war years were difficult, with blockades and shortages, but the Netherlands emerged from the war intact, having avoided the devastation that swept across the rest of Europe. The war did, however, expose the country's military weakness and led to debates about defense.

### World War II: Invasion and Occupation

The Netherlands's neutrality proved no protection against Nazi Germany. On **10 May 1940**, Germany invaded the Netherlands, Belgium, and Luxembourg in a surprise attack, beginning the **Battle of the Netherlands**. The invasion was swift and overwhelming, combining air attacks, paratrooper landings, and armored advances.

Key events of the invasion included:

- The **bombing of Rotterdam** on **14 May 1940**, which destroyed the historic city center and killed hundreds of civilians. The bombing was intended to force the Dutch to surrender and to support a German paratrooper assault on The Hague.
- The **defense of The Hague**, where German paratroopers attempted to capture the government but were repelled, partly by the heroic last stand of the **Fusiliers Regiment Rozenburg** and the sinking of the transport ship *Prinsster*.
- The **surrender** of the Dutch army on **15 May 1940**, after the Rotterdam bombing and the threat of further destruction, despite the army's willingness to continue fighting from the fortified line along the **New Dutch Water Line** (Nieuwe Hollandse Waterlinie).

Queen **Wilhelmina**, the government, and the **Council of State** fled to England, where they established a government-in-exile. The Netherlands was placed under the civil administration of **Arthur Seyss-Inquart** and the military administration of the Wehrmacht.

### Life Under Occupation

The German occupation of the Netherlands (1940–1945) was harsh and characterized by persecution, repression, and economic exploitation. The Nazi regime sought to impose its racial ideology. The Netherlands had a substantial **Jewish population** (about 140,000), of whom approximately **104,000** (about 75%) were murdered in the Holocaust—a proportion higher than in most other Western countries, due to the efficient organization of the occupation and the cooperation of some Dutch collaborators. Jews were forced to register, wear the yellow star, and were deported from transit camp **Westerork** to extermination camps such as **Auschwitz**.

Notable victims and figures of the occupation include **Anne Frank** (1929–1945), the Jewish girl whose *Diary of Anne Frank* (written in hiding in Amsterdam) became one of the most read accounts of the Holocaust. Other figures include the resistance hero **Jan Rabe**, and the tragic fate of **Tony (Antonia) "Nelly" Voskuil** and many others.

The occupation also affected non-Jewish populations. The Nazis persecuted **communist** and **political** opponents, **homosexual men**, and **Romani** and **Sinti** people. The economic exploitation of the Netherlands to support the German war effort caused severe shortages.

### The Resistance and the Hunger Winter

A **Dutch resistance** movement (Verzetsbeweging) developed, engaging in sabotage, intelligence gathering, hiding persecuted people (including Jews and downed Allied airmen), and publishing illegal newspapers. Notable resistance figures and organizations included the **Raad van Verzet** (Council of Resistance), the **Orange Army** (Oranje Leger), and individuals such as **Jan Baasch** (who escaped from Norway) and the women who hid Anne Frank.

In the winter of **1944–1945**, the **Hongerwinter** (Hunger Winter) struck the western Netherlands. In retaliation for resistance activities after the failed **Operation Market Garden** (September 1944), the Germans imposed a blockade on the occupied western provinces, cutting off food and fuel supplies. Thousands of people (estimates of 18,000–30,000) died of starvation and exposure. The population survived on **potato peels**, **tulip bulbs**, and meager rations. The winter ended with **Operation Manna** (11–20 May 1945), when Allied aircraft dropped food supplies over the starving population.

### Liberation

The Netherlands was liberated by Allied forces in **1944–1945**. The failed **Operation Market Garden** (25 September–25 October 1944), a British-American airborne operation aimed at seizing bridges in the Netherlands to open a route into Germany, ended in failure, partly due to the stubborn German defense and the decision to route the ground forces (under **General Bernard Montgomery**) around Arnhem rather than directly. The Battle of **Arnhem** (the "Bridge Too Far"), where the British 1st Airborne Division attempted to hold the bridge at Arnhem, ended in heavy casualties and retreat.

The **Battle of the Scheldt** (October–November 1944), a Canadian-led operation, was crucial in opening the port of **Rotterdam** to shipping, allowing the delivery of food and supplies to the starving western provinces. The northern provinces were liberated in 1945, and the western Netherlands was liberated in April–May 1945 as German forces collapsed. The **Surrender at Wageningen** (29 April 1945) marked the effective end of the occupation in the west. The **eastern provinces** (Groningen, Drenthe) and parts of the north were liberated by Canadian and other Allied forces in April 1945.

### The Japanese Occupation of the East Indies

Meanwhile, in the colonial theater, **Japan** invaded and occupied the **Dutch East Indies** in 1942, after defeating the Dutch, American, British, and Australian forces at **Batavia** (the Battle of the Java Sea, February 1942). The Japanese occupation (1942–1945) was brutal, involving forced labor (romusha), sexual slavery ("comfort women"), and executions. The occupation, however, fueled **Indonesian nationalism**, and the Japanese facilitated the rise of leaders such as **Sukarno** and **Mohammad Hatta**. When Japan surrendered in August 1945, Sukarno declared Indonesian independence on **17 August 1945**, setting the stage for the Indonesian National Revolution.

---

## Part XII: Decolonization

### The Indonesian National Revolution

After the war, the Netherlands sought to reassert control over the **Dutch East Indies**, but the Indonesian independence movement, led by **Sukarno** (president) and **Mohammad Hatta** (vice president), resisted. The **Indonesian National Revolution** (1945–1949) was a violent struggle for independence.

The Netherlands launched two **"Police Actions"** (a euphemism for war, as the Netherlands insisted these were police actions rather than wars, to avoid violating the ceasefire):

- The **First Police Action** (Operatie Product), launched on **20 July 1947**, captured major cities and economic areas in Java and Sumatra.
- The **Second Police Action** (Operatie Kraai), launched on **19 December 1948**, captured Jakarta, Yogyakarta, and other areas and arrested the Indonesian leadership.

Both actions, though militarily successful, were diplomatically disastrous. Under international pressure, particularly from the **United States** (which cut financial aid) and the **United Nations**, the Netherlands was forced to the negotiating table. The **Round Table Conference** (Meertafelconferentie) in London in **1949** resulted in the Netherlands formally transferring sovereignty to the United States of Indonesia (a federal state) on **27 December 1949**, with the exception of **New Guinea** (West New Guinea), which remained under Dutch control until 1963.

The transfer of sovereignty was a profound national trauma and a redefinition of the Dutch national identity, as the Netherlands ceased to be a colonial power of significant size. The experience contributed to a post-colonial "colonial amnesia" in Dutch society.

### The Caribbean Colonies

In the Caribbean, the Netherlands retained its colonies: **Curaçao**, **Aruba**, **Curacao**, and the associated islands, collectively the **Netherlands Antilles**, and **Dutch Guiana** (Suriname). The status of these territories was reorganized. The **Constitution of the Kingdom of the Netherlands** of **1954** established a new relationship: the Netherlands, the Netherlands Antilles, and Suriname were equal components of the **Kingdom of the Netherlands** (Koninkrijk der Nederlanden), each with internal autonomy but with the monarch as head of state and with a shared "Kingdom" relationship in matters of common interest (defense, citizenship, human rights).

**Suriname** gained **independence** on **25 November 1975**, becoming the Republic of Suriname. The independence was accompanied by a large emigration of **Surinamese** (including the **Creole** and **Hindostani** populations) to the Netherlands, a migration that significantly changed the demographic and cultural makeup of the modern Netherlands. **Aruba** separated from the Netherlands Antilles in **1986**, becoming a separate constituent country within the Kingdom.

The **Netherlands Antilles** was dissolved on **10 October 2010**, with Curaçao and Sint Maarten becoming separate constituent countries, and Bonaire, Sint Eustatius, and Saba becoming special municipalities of the Netherlands proper.

---

## Part XIII: Post-War Reconstruction and the Welfare State

### Reconstruction and the Marshall Plan

After World War II, the Netherlands faced massive reconstruction. The war had destroyed infrastructure, housing, and industry, particularly in the western provinces. The country received substantial aid through the **Marshall Plan** (European Recovery Program), which provided dollars for the purchase of goods and the reconstruction of the economy. The **Netherlands Economic Recovery Plan** (Plan voor Economische Opbouw, PEOP), directed by **Dirk Uipko Stikker** and others, coordinated reconstruction.

The reconstruction was remarkably successful, launching the Netherlands into a period of rapid economic growth known as the **Economic Miracle** (Economisch Miracle) of the 1950s and 1960s. The population grew, exports expanded, and the standard of life rose.

### The Welfare State and the Polder Model

The Netherlands developed a **welfare state** (verzorgingsstaat) characterized by a mixed economy, a comprehensive social security system, and a tradition of **corporatist** negotiation among employers, labor, and the government. This model, known as the **Polder Model** (a reference to the collective water management of the polders), emphasized consensus, compromise, and social dialogue.

The foundation of the modern welfare state was laid by the cabinets of **Willem Drees** (1948–1958), a socialist Prime Minister (PvdA) who established the framework of social security, including the **General Old Age Pensions Act** (AOW, 1957), the **General Benefic Act** (ABW), and the **Disability (Work and Income according to Labor) Act** (AWBZ). Drees is regarded as the "father" of the Dutch welfare state.

Subsequent governments expanded the welfare state, including unemployment benefits, healthcare, and public housing. The **housing** sector saw massive public investment in social housing (woningbouw), building millions of homes, often by housing associations (woningcorporaties), to address the post-war housing shortage. Towns and cities expanded, and new cities such as **Almere** (in Flevoland) were built.

### Political Realignment and the Pillarization

Dutch politics in the mid-20th century was characterized by **pillarization** (verzuiling), in which society was divided into religious/ideological "pillars": the **Protestant** (ARCA, Anti-Revolutionary Party), the **Catholic** (KVP, Catholic People's Party), the **socialist** (PvdA, Labour Party), and the **liberal** (VVD, People's Party for Freedom and Progress) pillars, each with its own political party, newspapers, broadcasters, schools, and organizations. This system of consensual democracy, managed by elites at the top (a system known as **polder democracy** or consensus democracy), provided stability but began to break down in the 1960s and 1970s as secularization (ontverzuiling) reduced the salience of religious identity.

The political landscape shifted, with the rise of new parties and the decline of the old pillars. The **D66** (Democrats 66), a liberal-democratic party founded in 1966, advocated for the dismantling of pillarization and political reform. The **Party for the Future** (later the **GreenLeft**) and the **socialists** gained ground.

---

## Part XIV: European Integration

### The Benelux and the Founding of the European Communities

The Netherlands was a founding and enthusiastic supporter of **European integration**, viewing it as essential to its security and prosperity. In **1944** (during the war, in exile) and formalized in **1948**, the Netherlands, Belgium, and Luxembourg established the **Benelux** customs union, a precursor to European integration. Benelux eliminated tariffs among the three countries and coordinated economic policy.

The Netherlands was a founding member of the **European Coal and Steel Community** (ECSC, Communauté Européenne du Char et de l'Acier), established by the **Treaty of Paris** in **1951**, and of the **European Economic Community** (EEC, Communauté Economique Européenne), established by the **Treaty of Rome** in **1957**. The founding members of the EEC were the Netherlands, Belgium, Luxembourg, France, West Germany, and Italy.

The Netherlands benefited from the **Common Agricultural Policy** (CAP), which supported its highly productive agricultural sector, and from the single market. Dutch statesmen played key roles in the European project, including **Joseph Luns** (foreign minister), **Pieter Oud**, and the first President of the European Commission, **Walter Hallstein** (German, but the Dutch were influential). The Dutch jurist and politician **Johan Willem Beyen** was influential in the economic integration.

The Netherlands supported the expansion of the European Community, including the admission of new members. The **European Parliament** has its seat in **Strasbourg**, in France, though the European institutions are spread across Brussels, Luxembourg, and Strasbourg. The Netherlands hosts the **European Court of Justice** in **Luxembourg** (not Dutch territory, but within the Kingdom's former sphere) and significant EU-related bodies.

### The Euro and the European Union

The Netherlands was a strong supporter of the **European Union** (EU), established by the **Treaty of Maastricht** (signed in **Maastricht**, Netherlands, in **1992**), which created the EU and laid the groundwork for the **euro** currency. The Netherlands adopted the **euro** on **1 January 1999** (as an accounting currency) and in **2002** (as cash). The **De Nederlandsche Bank** (DNB), the central bank, and later the **European Central Bank** (ECB) in Frankfurt managed the currency.

The Netherlands generally supported European integration, though there have been debates and some skepticism, particularly regarding the extent of supranational authority. The **2005 French and Dutch referenda** on the **European Constitution** (Traité établissant une Constitution pour l'Europe) saw the French and Dutch voters reject the treaty, a significant political crisis for the European project. (The treaty was subsequently replaced by the **Treaty of Lisbon**, 2007.)

---

## Part XV: The Netherlands in the Twenty-First Century

### Political and Social Developments

The twenty-first century has seen significant political and social changes in the Netherlands. The traditional pillarization has largely ended, and society has become increasingly secularized, pluralistic, and diverse.

A series of political shocks transformed Dutch politics. In **2002**, the populist **Liberal Party** (Volkspartij voor Vrijheid, VVD-aligned) leader **Pim Fortuyn**, who had founded the **Fortuyn List** (Liste Pim Fortuyn, LPF) and campaigned on a platform of strict immigration control and opposition to Islam, was **assassinated** by an animal rights activist on **6 May 2002**, just before the election. Fortuyn's party won a surprising number of seats. Shortly after, on **2 November 2004**, the filmmaker **Theo van Gogh**, who had made a controversial film about the treatment of women in Islam (*Submission*, co-written by the politician **Ayaan Hirsi Ali**), was **murdered** by an Islamic extremist. These murders had a profound impact on Dutch public discourse on immigration, integration, and freedom of speech.

The political right shifted further. The **Party for Freedom** (Partij voor de Vrijheid, **PVV**), founded and led by **Geert Wilders** in **2006**, gained significant support on a platform of anti-Islam, anti-immigration, and Euroskeptic positions. The PVV became the largest party in the House of Representatives (Tweede Kamer) in the **2010** election and again, as the largest party, in the **2023** election. Geert Wilders became a major figure in Dutch and European politics.

Other parties and figures shaped the century: the **GreenLeft** (GroenLinks), the **Christian Union** (ChristenUnie), the **Socialist Party** (Socialistische Partij, SP) led by **Emile Roemer** and later **Dilan Yiğit Çakır**, and the **Labour Party** (PvdA). The **VVD** (People's Party for Freedom and Progress) under **Mark Rutte** became the dominant party.

### The Cabinets of Mark Rutte

**Mark Rutte** (VVD) served as **Prime Minister** from **2010 to 2024**, the longest-serving prime minister in Dutch history. His cabinets—Rutte I (2010–2012, a minority coalition of VVD and CDA), Rutte II (2012–2015, VVD and PvdA), Rutte III (2017–2021, VVD and CDA), and Rutte IV (2021–2024, VVD and D66)—managed the Netherlands through a series of challenges.

Rutte IV, a coalition of the VVD, D66, CDA, and GroenLinks, governed from 2021 but collapsed in **January 2023** over a dispute about the return of asylum seekers to Greece (the **Return Agreement** / Terugkeerovereenkomst). Early elections in November 2023 were won by **Geert Wilders's PVV**. After months of difficult negotiations, a coalition of **PVV**, **VVD**, **NSC** (Nieuw Sociaal Contract, New Social Contract, led by **Gijs Vroegenberg**), and **BBB** (BoerBurgerBeweging, Farmers-Citizen Movement, led by **Caroline van der Plas**) formed a government under **Geert Wilders** as Prime Minister in **July 2024**—the first government led by the far-right PVV.

### Economic Crisis and Austerity

The Netherlands was affected by the **Global Financial Crisis** of **2008** and the subsequent **European sovereign debt crisis**. The country faced budget deficits and a recession. The Rutte cabinets implemented **austerity measures** (bezuinigingen), including spending cuts and revenue measures, to reduce the deficit. The austerity measures were controversial and contributed to political unrest.

### Foreign Policy and Military Engagements

The Netherlands has been an active member of **NATO** and has contributed to numerous international military operations. Notable deployments include the **Afghanistan** mission, where Dutch troops served in **Uruzgan Province** (2006–2010) as part of the NATO-led Resolute Support Mission. The Netherlands also contributed to the **Libyan** intervention (2011) and missions in **Kosovo** (KFOR) and elsewhere.

The Netherlands's stance on the **2003 invasion of Iraq** was notable: under Prime Minister **Jan Peter Balkenende** (CDA), the Netherlands initially supported the US-led coalition but then withdrew its support from the second chamber of parliament, reflecting the coalition's collapse. The Dutch navy contributed to anti-piracy operations off **Somalia** and to the **EU Navfor** missions in the **Gulf of Aden** and **Indian Ocean**.

### The Refugee Crisis

The **2015 European refugee crisis** saw large numbers of migrants and refugees, largely from Syria, Afghanistan, and other countries, arrive in Europe. The Netherlands, like other countries, faced the challenge of processing and integrating refugees. The government under Rutte implemented a policy of dispersal (verspreiding) and reduced the number of asylum grants. The crisis fueled the support of the far-right PVV and other anti-immigration parties.

### The COVID-19 Pandemic

The **COVID-19 pandemic** (2020–2022) posed a major challenge. The Dutch government, advised by scientists such as epidemiologist **Eric** (Eric) **Hoekstra** and virologist **Er** (Erna) **Brunner** and the members of the **Corona Virus Outbreak Management Team** (OMT), implemented measures including lockdowns, social distancing, and a vaccination campaign. The response was characterized by a degree of transparency and public communication, though it was also controversial. The Netherlands achieved high vaccination coverage and reopened its economy.

### Climate, Energy, and the Environment

Environmental and climate issues have become increasingly central to Dutch politics and policy. The Netherlands, being a low-lying country, is particularly vulnerable to **climate change**, including **sea level rise** and **flooding**. The government has pursued an **energy transition** (energietransitie), reducing the use of fossil fuels and expanding **renewable energy**, including **wind power** (offshore wind farms in the North Sea) and **solar power**.

A major challenge has been the **gas extraction in Groningen**, in the north, from the **Groningen gas field** (the largest in Europe). The extraction has caused **earthquakes** (aardbevingen) that have damaged buildings and disrupted communities, leading to a phased **phase-out** of gas extraction and a long-running controversy about the rights of residents (the "Groningen earthquake" victims, represented by groups such as **Aardbevingsslachtoffers Groningen**, ASG). The issue has been a major political topic, contributing to the rise of the **BoerBurgerBeweging** (BBB).

The government has set ambitious climate targets, including the **Climate Agreement** (Klimaatakkoord) of **2019**, which aims to reduce greenhouse gas emissions and to transition to renewable energy. There have been protests, including by **farmers** (Boerenburgerbeweging, Farmers' Movement) over nitrogen (stikstof) reduction policies and by environmental activists such as **Fridays for Future** (inspired by **Greta Thunberg**) and **Extinction Rebellion**.

The management of water in the face of climate change continues to be a national priority, with programs such as the **"Room for the River"** (Ruimte voor de Rivier) program, which aims to give rivers more space to reduce flooding, and the long-term strategy of adapting to rising sea levels.

### The Modern Monarchy

The monarchy has adapted to the modern era. **Queen Beatrix** (Beatrix, reigned 1980–2013) abdicated on **30 April 2013**, and her son **King Willem-Alexander** (Willem-Alexander, born 1967) became king, the first male monarch since William III. King Willem-Alexander's reign has seen the monarchy adapt to a more modern, less ceremonial role. The royal family—the king, **Queen Máxima** (Máxima, from Argentina), and their daughters **Princess Catharina-Amalia** (the crown princess) and **Princess Alexia**—remain a focus of national attention, though the monarchy's future has been debated, with some supporting its abolition.

### Contemporary Challenges and Identity

The contemporary Netherlands faces a range of challenges: immigration and integration, the balance between freedom of speech and social cohesion, the economic transition, climate adaptation, the housing crisis (a severe shortage of housing and rising prices), the future of the welfare state, and the country's role in the EU and the world. The society is increasingly diverse, with significant populations of **Dutch-Moroccan**, **Dutch-Surinamese**, **Dutch-Turkish**, and other heritage communities, reflecting the colonial and post-war labor migration history.

The Dutch national identity continues to be shaped by the relationship with water, the heritage of the Golden Age, the values of tolerance and pragmatism (gedogen, "to tolerate"), and the consensus-based political culture. The Netherlands remains a mid-sized but influential nation, a founder and supporter of European integration, a leader in agriculture, water management, and high technology, and a country continually negotiating its place in a changing world.

---

## Conclusion

The history of the Netherlands, from the Neanderthals who walked its Paleolithic tundra to the diverse, technologically advanced society of the twenty-first century, is a remarkable story of adaptation, innovation, and resilience. A small country in a low-lying delta at the mouth of Europe's great rivers, the Netherlands nonetheless shaped the modern world: it pioneered modern capitalism, international law, and financial markets during its Golden Age; it developed the engineering to reclaim land from water; it founded one of the first modern democracies; and it became a founding and committed member of the European project.

The recurring themes of Dutch history—the struggle with water, the pragmatism and tolerance of its society, the consensus-based politics, the entrepreneurial spirit, and the ability to punch above its weight in global affairs—have persisted across the centuries. From the Batavian revolt against Rome to the Act of Abjuration against Spain; from the VOC and the Golden Age painters to the post-war welfare state and the energy transition; from the Roman limes to the Afsluitdijk and the wind farms of the North Sea—the Netherlands has continually reinvented itself while retaining a distinctive character. Its history remains a vital and instructive chapter in the broader story of Europe and the modern world.
