loading tokenizer + model...
prefill S3a: 21 tok wall=2.864s wait=1.384s/1071 cb=1071 err=0 dispatch=18692 lm=1 skip=20 gpu=1.001s/1071 timed/0 n/a
prefill expert cache: 3730 hits / 2990 misses (56% hit rate), fill 1.231s of 2.864s prefill wall
[QwenMetalModel] descriptors ready; building fast path...
[QwenMetalModel] fast path ready
The user wants a short paragraph about the history of the Netherlands. Let me write a concise but informative paragraph covering the key points of Dutch history.

Key points to include:
- Early history (Germanic tribes, Roman influence)
- Formation of the Netherlands
- The Golden Age (17th century) - maritime power, trade, VOC
- Spanish rule and independence (Eighty Years' War)
- Colonial empire
- Modern era

Let me write a well-structured short paragraph.
</think>

# The History of the Netherlands

The Netherlands has a rich and storied history that stretches back over two thousand years, when the region was inhabited by Germanic tribes and later came under Roman influence. During the Middle Ages, these low-lying lands were a patchwork of counties and duchies, gradually reclaimed from the sea through an ingenious system of dikes, canals, and windmills that defined the Dutch relationship with water. The modern nation emerged in decode: 200 tokens in 20.3s (9.85 tok/s)
decode Metal S3a: steps=200 cb=10200 err=0 wait=11.688s/10200 dispatch=178400 gpu=9.334s/10200 timed/0 n/a
expert cache: 1213 slots (2.0 GB), 42626 hits / 28094 misses (60% hit rate) [cumulative, prefill+decode]
decode expert cache: 38896 hits / 25104 misses (61% hit rate), fill 5.680s (0.226ms/miss avg, 25.323ms max), bookkeeping 0.115s of 20.3s decode wall
decode loop overhead: argmax 0.033s, text-decode 0.026s of 20.3s decode wall

       24.23 real         4.13 user         9.69 sys
          5158469632  maximum resident set size
                   0  average shared memory size
                   0  average unshared data size
                   0  average unshared stack size
              338904  page reclaims
                  26  page faults
                   0  swaps
                   0  block input operations
                   0  block output operations
                   0  messages sent
                   0  messages received
                   0  signals received
                7424  voluntary context switches
              108991  involuntary context switches
         73523017355  instructions retired
         45684206552  cycles elapsed
          3786428664  peak memory footprint
