expert blob: 1769472 B payload, stride 1769472 B, 9 sections
packed layer_00.bin (432 MiB)
packed layer_01.bin (432 MiB)
packed layer_02.bin (432 MiB)
packed layer_03.bin (432 MiB)
packed layer_04.bin (432 MiB)
packed layer_05.bin (432 MiB)
packed layer_06.bin (432 MiB)
packed layer_07.bin (432 MiB)
packed layer_08.bin (432 MiB)
packed layer_09.bin (432 MiB)
packed layer_10.bin (432 MiB)
packed layer_11.bin (432 MiB)
packed layer_12.bin (432 MiB)
packed layer_13.bin (432 MiB)
packed layer_14.bin (432 MiB)
packed layer_15.bin (432 MiB)
packed layer_16.bin (432 MiB)
packed layer_17.bin (432 MiB)
packed layer_18.bin (432 MiB)
packed layer_19.bin (432 MiB)
packed layer_20.bin (432 MiB)
packed layer_21.bin (432 MiB)
packed layer_22.bin (432 MiB)
packed layer_23.bin (432 MiB)
packed layer_24.bin (432 MiB)
packed layer_25.bin (432 MiB)
packed layer_26.bin (432 MiB)
packed layer_27.bin (432 MiB)
packed layer_28.bin (432 MiB)
packed layer_29.bin (432 MiB)
packed layer_30.bin (432 MiB)
packed layer_31.bin (432 MiB)
packed layer_32.bin (432 MiB)
packed layer_33.bin (432 MiB)
packed layer_34.bin (432 MiB)
packed layer_35.bin (432 MiB)
packed layer_36.bin (432 MiB)
packed layer_37.bin (432 MiB)
packed layer_38.bin (432 MiB)
packed layer_39.bin (432 MiB)
dense file: 1397 tensors, 1325 MiB
wrote manifest; container complete at /Users/hoahoa/code/ai/orninth/scratch/ornith-1.5-35b-crack.qpack
done in 87.9s
