loading tokenizer + model...
prefill S3a: 21 tok wall=2.702s wait=1.274s/1071 cb=1071 err=0 dispatch=18692 lm=1 skip=20 gpu=0.912s/1071 timed/0 n/a
prefill expert cache: 3730 hits / 2990 misses (56% hit rate), fill 1.206s of 2.702s prefill wall
[QwenMetalModel] descriptors ready; building fast path...
[QwenMetalModel] fast path ready
The user wants a short paragraph about the history of the Netherlands. Let me write a concise but informative paragraph covering the key points of Dutch history.

Key points to include:
- Early history (Germanic tribes, Roman influence)
- Formation of the Netherlands
- The Golden Age (17th century) - maritime power, trade, VOC
- Spanish rule and independence (Eighty Years' War)
- Colonial empire
- Modern era

Let me write a well-structured short paragraph.
</think>

# The History of the Netherlands

The Netherlands has a rich and storied history that stretches back over two thousand years, when the region was inhabited by Germanic tribes and later came under Roman influence. During the Middle Ages, these low-lying lands were a patchwork of counties and duchies, gradually reclaimed from the sea through an ingenious system of dikes, canals, and windmills that defined the Dutch relationship with water. The modern nation emerged in decode: 200 tokens in 19.5s (10.27 tok/s)
decode Metal S3a: steps=200 cb=10200 err=0 wait=11.710s/10200 dispatch=178400 gpu=9.260s/10200 timed/0 n/a
expert cache: 1213 slots (2.0 GB), 42626 hits / 28094 misses (60% hit rate) [cumulative, prefill+decode]
decode expert cache: 38896 hits / 25104 misses (61% hit rate), fill 5.796s (0.231ms/miss avg, 25.541ms max), bookkeeping 0.121s of 19.5s decode wall
decode loop overhead: argmax 0.035s, text-decode 0.027s of 19.5s decode wall

       23.61 real         3.20 user         9.94 sys
          5161549824  maximum resident set size
                   0  average shared memory size
                   0  average unshared data size
                   0  average unshared stack size
              363058  page reclaims
                  28  page faults
                   0  swaps
                   0  block input operations
                   0  block output operations
                   0  messages sent
                   0  messages received
                   0  signals received
                7525  voluntary context switches
              110946  involuntary context switches
         54497534748  instructions retired
         42478310966  cycles elapsed
          3785396472  peak memory footprint
